\BOOKMARK [1][-]{section*.1}{\376\377\000A\000b\000s\000t\000r\000a\000c\000t}{}% 1
\BOOKMARK [1][-]{section.1}{\376\377\0001\000\040\000I\000n\000t\000r\000o\000d\000u\000c\000t\000i\000o\000n}{}% 2
\BOOKMARK [1][-]{section.2}{\376\377\0002\000\040\000R\000e\000l\000a\000t\000e\000d\000\040\000W\000o\000r\000k}{}% 3
\BOOKMARK [1][-]{section.3}{\376\377\0003\000\040\000R\000e\000s\000e\000a\000r\000c\000h\000\040\000Q\000u\000e\000s\000t\000i\000o\000n\000s}{}% 4
\BOOKMARK [1][-]{section.4}{\376\377\0004\000\040\000M\000e\000t\000h\000o\000d}{}% 5
\BOOKMARK [2][-]{subsection.4.1}{\376\377\0004\000.\0001\000\040\000B\000a\000c\000k\000b\000o\000n\000e\000:\000\040\000S\000A\000S\000R\000e\000c\000\040\000w\000i\000t\000h\000\040\000T\000e\000x\000t\000\040\000F\000u\000s\000i\000o\000n}{section.4}% 6
\BOOKMARK [2][-]{subsection.4.2}{\376\377\0004\000.\0002\000\040\000M\000u\000l\000t\000i\000-\000V\000i\000e\000w\000\040\000T\000e\000x\000t\000\040\000R\000e\000p\000r\000e\000s\000e\000n\000t\000a\000t\000i\000o\000n\000s}{section.4}% 7
\BOOKMARK [2][-]{subsection.4.3}{\376\377\0004\000.\0003\000\040\000E\000x\000p\000l\000i\000c\000i\000t\000\040\000C\000r\000o\000s\000s\000\040\000F\000u\000s\000i\000o\000n}{section.4}% 8
\BOOKMARK [2][-]{subsection.4.4}{\376\377\0004\000.\0004\000\040\000M\000u\000l\000t\000i\000-\000V\000i\000e\000w\000\040\000C\000o\000n\000t\000r\000a\000s\000t\000i\000v\000e\000\040\000A\000l\000i\000g\000n\000m\000e\000n\000t}{section.4}% 9
\BOOKMARK [2][-]{subsection.4.5}{\376\377\0004\000.\0005\000\040\000T\000r\000a\000i\000n\000i\000n\000g\000\040\000O\000b\000j\000e\000c\000t\000i\000v\000e}{section.4}% 10
\BOOKMARK [2][-]{subsection.4.6}{\376\377\0004\000.\0006\000\040\000M\000o\000d\000e\000l\000\040\000C\000o\000m\000p\000l\000e\000x\000i\000t\000y}{section.4}% 11
\BOOKMARK [1][-]{section.5}{\376\377\0005\000\040\000T\000w\000o\000-\000P\000h\000a\000s\000e\000\040\000T\000r\000a\000i\000n\000i\000n\000g\000\040\000P\000r\000o\000t\000o\000c\000o\000l}{}% 12
\BOOKMARK [1][-]{section.6}{\376\377\0006\000\040\000E\000x\000p\000e\000r\000i\000m\000e\000n\000t\000s}{}% 13
\BOOKMARK [2][-]{subsection.6.1}{\376\377\0006\000.\0001\000\040\000D\000a\000t\000a\000s\000e\000t\000s\000\040\000a\000n\000d\000\040\000E\000v\000a\000l\000u\000a\000t\000i\000o\000n}{section.6}% 14
\BOOKMARK [2][-]{subsection.6.2}{\376\377\0006\000.\0002\000\040\000B\000a\000s\000e\000l\000i\000n\000e\000s}{section.6}% 15
\BOOKMARK [2][-]{subsection.6.3}{\376\377\0006\000.\0003\000\040\000I\000m\000p\000l\000e\000m\000e\000n\000t\000a\000t\000i\000o\000n\000\040\000D\000e\000t\000a\000i\000l\000s}{section.6}% 16
\BOOKMARK [1][-]{section.7}{\376\377\0007\000\040\000M\000a\000i\000n\000\040\000R\000e\000s\000u\000l\000t\000s}{}% 17
\BOOKMARK [2][-]{subsection.7.1}{\376\377\0007\000.\0001\000\040\000P\000r\000o\000m\000p\000t\000\040\000T\000e\000m\000p\000l\000a\000t\000e\000s\000\040\000f\000o\000r\000\040\000T\000e\000x\000t\000\040\000E\000m\000b\000e\000d\000d\000i\000n\000g\000s}{section.7}% 18
\BOOKMARK [1][-]{section.8}{\376\377\0008\000\040\000A\000n\000a\000l\000y\000s\000i\000s}{}% 19
\BOOKMARK [2][-]{subsection.8.1}{\376\377\0008\000.\0001\000\040\000R\000Q\0002\000\040\000\046\000\040\000R\000Q\0004\000:\000\040\000S\000E\000N\000e\000t\000\040\000a\000n\000d\000\040\000C\000r\000o\000s\000s\000\040\000N\000e\000t\000w\000o\000r\000k\000\040\000A\000b\000l\000a\000t\000i\000o\000n}{section.8}% 20
\BOOKMARK [2][-]{subsection.8.2}{\376\377\0008\000.\0002\000\040\000R\000Q\0001\000:\000\040\000W\000h\000i\000t\000e\000n\000i\000n\000g\000\040\000v\000s\000.\000\040\000L\0002\000-\000O\000n\000l\000y\000\040\000N\000o\000r\000m\000a\000l\000i\000z\000a\000t\000i\000o\000n}{section.8}% 21
\BOOKMARK [2][-]{subsection.8.3}{\376\377\0008\000.\0003\000\040\000R\000Q\0003\000:\000\040\000M\000u\000l\000t\000i\000-\000v\000i\000e\000w\000\040\000v\000s\000.\000\040\000S\000i\000n\000g\000l\000e\000-\000v\000i\000e\000w\000\040\000U\000n\000d\000e\000r\000\040\000E\000q\000u\000a\000l\000\040\000B\000a\000n\000d\000w\000i\000d\000t\000h}{section.8}% 22
\BOOKMARK [2][-]{subsection.8.4}{\376\377\0008\000.\0004\000\040\000S\000u\000m\000m\000a\000r\000y\000\040\000o\000f\000\040\000A\000b\000l\000a\000t\000i\000o\000n\000\040\000F\000i\000n\000d\000i\000n\000g\000s}{section.8}% 23
\BOOKMARK [2][-]{subsection.8.5}{\376\377\0008\000.\0005\000\040\000U\000n\000d\000e\000r\000s\000t\000a\000n\000d\000i\000n\000g\000\040\000t\000h\000e\000\040\000H\000R\040\023\000R\000a\000n\000k\000i\000n\000g\000\040\000T\000r\000a\000d\000e\000-\000o\000f\000f}{section.8}% 24
\BOOKMARK [1][-]{section.9}{\376\377\0009\000\040\000C\000o\000n\000c\000l\000u\000s\000i\000o\000n}{}% 25
\BOOKMARK [1][-]{appendix.A}{\376\377\000A\000\040\000R\000o\000b\000u\000s\000t\000n\000e\000s\000s\000\040\000a\000n\000d\000\040\000A\000d\000d\000i\000t\000i\000o\000n\000a\000l\000\040\000A\000n\000a\000l\000y\000s\000e\000s\000\040\000\050\000T\000o\000\040\000B\000e\000\040\000F\000i\000l\000l\000e\000d\000\051}{}% 26
\BOOKMARK [2][-]{subsection.A.1}{\376\377\000A\000.\0001\000\040\000S\000a\000m\000p\000l\000e\000d\000\040\000E\000v\000a\000l\000u\000a\000t\000i\000o\000n\000\040\000S\000a\000n\000i\000t\000y\000\040\000C\000h\000e\000c\000k\000\040\000\050\000u\000n\000i\0001\0000\0000\000\040\000v\000s\000.\000\040\000F\000u\000l\000l\000\040\000R\000a\000n\000k\000i\000n\000g\000\051}{appendix.A}% 27
\BOOKMARK [2][-]{subsection.A.2}{\376\377\000A\000.\0002\000\040\000H\000y\000p\000e\000r\000p\000a\000r\000a\000m\000e\000t\000e\000r\000\040\000C\000o\000n\000f\000i\000g\000u\000r\000a\000t\000i\000o\000n}{appendix.A}% 28
\BOOKMARK [2][-]{subsection.A.3}{\376\377\000A\000.\0003\000\040\000A\000d\000d\000i\000t\000i\000o\000n\000a\000l\000\040\000A\000b\000l\000a\000t\000i\000o\000n\000s\000:\000\040\000C\000o\000l\000d\000-\000s\000t\000a\000r\000t\000\040\000R\000e\000w\000e\000i\000g\000h\000t\000i\000n\000g\000\040\000a\000n\000d\000\040\000C\000e\000n\000t\000e\000r\000-\000o\000n\000l\000y\000\040\000N\000o\000r\000m\000a\000l\000i\000z\000a\000t\000i\000o\000n}{appendix.A}% 29
